// Jest Snapshot v1, https://goo.gl/fbAQLP

exports[`Testing the card component 1`] = `
<div>
  <div
    className="container"
  >
    <Card
      email="johnsnow@gmail.com"
      id={1}
      key="1"
      name="John Snow"
    />
  </div>
</div>
`;
