// Jest Snapshot v1, https://goo.gl/fbAQLP

exports[`Expect to render counterButton component 1`] = `
<button
  color="red"
  id="counter"
  onClick={[Function]}
  style={
    Object {
      "textAlign": "center",
      "width": "100%",
    }
  }
>
  Count: 
  0
</button>
`;
